Log entries:
{RangeLoaded: timestamp='2010-12-24 00:34:39.740675000' table={TableIdentifier: id='1' generation=0} range={RangeSpec: start='a' end='z'} state={RangeState: state=STEADY timestamp=0 soft_limit=0 transfer_log='' split_point='' old_boundary_row=''}}
{SplitStart: timestamp='2010-12-24 00:34:39.740695000' table={TableIdentifier: id='1' generation=0} range={RangeSpec: start='a' end='z'} state={RangeState: state=SLI timestamp=0 soft_limit=0 transfer_log='/test/split3.log' split_point='m' old_boundary_row='z'}}
{RangeLoaded: timestamp='2010-12-24 00:34:39.740709000' table={TableIdentifier: id='1' generation=0} range={RangeSpec: start='A' end='Z'} state={RangeState: state=STEADY timestamp=1293150879669292000 soft_limit=0 transfer_log='' split_point='' old_boundary_row=''}}
{RangeLoaded: timestamp='2010-12-24 00:34:39.740722000' table={TableIdentifier: id='1' generation=0} range={RangeSpec: start='Z' end='a'} state={RangeState: state=STEADY timestamp=1293150879677349000 soft_limit=0 transfer_log='' split_point='' old_boundary_row=''}}
{RangeLoaded: timestamp='2010-12-24 00:34:39.740761000' table={TableIdentifier: id='1' generation=0} range={RangeSpec: start='m' end='s'} state={RangeState: state=STEADY timestamp=0 soft_limit=40000000 transfer_log='' split_point='' old_boundary_row=''}}
{SplitShrunk: timestamp='2010-12-24 00:34:39.740775000' table={TableIdentifier: id='1' generation=0} range={RangeSpec: start='a' end='m'} state={RangeState: state=SHRUNK timestamp=0 soft_limit=40000000 transfer_log='' split_point='' old_boundary_row='z'}}
{RsmlRecover: timestamp='2010-12-24 00:34:39.740787000'}
{SplitDone: timestamp='2010-12-24 00:34:39.740799000' table={TableIdentifier: id='1' generation=0} range={RangeSpec: start='a' end='m'} state={RangeState: state=SHRUNK timestamp=0 soft_limit=40000000 transfer_log='' split_point='' old_boundary_row='z'}}
Range states:
Found recover entry
{RangeStateInfo: table={TableIdentifier: id='1' generation=0}
  range={RangeSpec: start='A' end='Z'}
  transactions=[
    {RangeLoaded: timestamp='2010-12-24 00:34:39.741614000' table={TableIdentifier: id='1' generation=0} range={RangeSpec: start='A' end='Z'} state={RangeState: state=STEADY timestamp=1293150879669292000 soft_limit=0 transfer_log='' split_point='' old_boundary_row=''}}
  ]
}
{RangeStateInfo: table={TableIdentifier: id='1' generation=0}
  range={RangeSpec: start='Z' end='a'}
  transactions=[
    {RangeLoaded: timestamp='2010-12-24 00:34:39.741626000' table={TableIdentifier: id='1' generation=0} range={RangeSpec: start='Z' end='a'} state={RangeState: state=STEADY timestamp=1293150879677349000 soft_limit=0 transfer_log='' split_point='' old_boundary_row=''}}
  ]
}
{RangeStateInfo: table={TableIdentifier: id='1' generation=0}
  range={RangeSpec: start='a' end='m'}
  transactions=[
    {RangeLoaded: timestamp='2010-12-24 00:34:39.741635000' table={TableIdentifier: id='1' generation=0} range={RangeSpec: start='a' end='m'} state={RangeState: state=STEADY timestamp=1293150879729024000 soft_limit=40000000}}
  ]
}
{RangeStateInfo: table={TableIdentifier: id='1' generation=0}
  range={RangeSpec: start='m' end='s'}
  transactions=[
    {RangeLoaded: timestamp='2010-12-24 00:34:39.741650000' table={TableIdentifier: id='1' generation=0} range={RangeSpec: start='m' end='s'} state={RangeState: state=STEADY timestamp=0 soft_limit=40000000 transfer_log='' split_point='' old_boundary_row=''}}
  ]
}
