Hypertable CRITICAL - HYPERTABLE Hyperspace client connect error
Hypertable CRITICAL - HYPERSPACE file not found - Hyperspace 'open' error, name=/hypertable/master flags=0x3 events=0x0
Hypertable CRITICAL - Master status failure (No connected RangeServers)
Hypertable OK
Hypertable WARNING - Master status failure (Hypertable WARNING - RangeServer rs1 () status failure (HYPERTABLE request timeout))
